[debug] [2025-06-02T10:41:32.254Z] : 
[debug] [2025-06-02T10:41:32.257Z] : ----------------------------------------------------------------------
[debug] [2025-06-02T10:41:32.258Z] : Command:      /Users/neerajshekhawat/.nvm/versions/node/v22.2.0/bin/node /Users/neerajshekhawat/.nvm/versions/node/v22.2.0/bin/catalyst serve
[debug] [2025-06-02T10:41:32.258Z] : CLI Version:  1.18.1
[debug] [2025-06-02T10:41:32.258Z] : Platform:     darwin
[debug] [2025-06-02T10:41:32.259Z] : Node Version: v22.2.0
[debug] [2025-06-02T10:41:32.259Z] : Time:         Mon Jun 02 2025 16:11:32 GMT+0530 (India Standard Time)
[debug] [2025-06-02T10:41:32.259Z] : ----------------------------------------------------------------------
[debug] [2025-06-02T10:41:32.259Z] : 
[debug] [2025-06-02T10:41:32.484Z] : > authorizing via signed-in user option
[debug] [2025-06-02T10:41:32.485Z] : > command requires scopes: ["ZohoCatalyst.projects.ALL","ZohoCatalyst.apigateway.apis.READ","ZohoCatalyst.apigateway.READ","ZohoCatalyst.segments.ALL","ZohoCatalyst.cache.READ","ZohoCatalyst.cache.CREATE","ZohoCatalyst.cache.DELETE","ZohoCatalyst.projects.ALL","ZohoCatalyst.cron.ALL","ZohoCatalyst.zcql.CREATE","ZohoCatalyst.projects.users.READ","ZohoCatalyst.projects.users.CREATE","ZohoCatalyst.projects.users.DELETE","ZohoCatalyst.projects.users.UPDATE","ZohoCatalyst.authentication.CREATE","ZohoCatalyst.email.CREATE","ZohoCatalyst.tables.ALL","ZohoCatalyst.tables.rows.ALL","ZohoCatalyst.tables.columns.ALL","ZohoCatalyst.tables.bulk.CREATE","ZohoCatalyst.tables.bulk.READ","ZohoCatalyst.folders.ALL","ZohoCatalyst.files.CREATE","ZohoCatalyst.files.READ","ZohoCatalyst.files.DELETE","ZohoCatalyst.functions.ALL","ZohoCatalyst.functions.EXECUTE","ZohoCatalyst.eventlistners.ALL","ZohoCatalyst.eventlisteners.produce","ZohoCatalyst.security.rules.Read","ZohoCatalyst.security.rules.Update","ZohoCatalyst.notifications.mobile","ZohoCatalyst.notifications.web","ZohoCatalyst.search.READ","ZohoCatalyst.mlkit.READ","QuickML.deployment.READ","ZohoCatalyst.pdfshot.execute","ZohoCatalyst.circuits.execution.DELETE","ZohoCatalyst.circuits.execution.READ","ZohoCatalyst.circuits.execute","ZohoCatalyst.appsail.Read","ZohoCatalyst.jobpool.READ","ZohoCatalyst.job.ALL","ZohoCatalyst.nosql.READ","ZohoCatalyst.nosql.rows.ALL"]
[debug] [2025-06-02T10:41:32.492Z] : >>>> HTTP REQUEST : GET https://api.catalyst.zoho.in/baas/v1/project/14417000000011063 

[debug] [2025-06-02T10:41:32.806Z] : <<<< HTTP RESPONSE : 200
Response Headers: {"server":"ZGS","date":"Mon, 02 Jun 2025 10:41:32 GMT","content-type":"application/vnd.catalyst.v2+json","transfer-encoding":"chunked","connection":"keep-alive","x-content-type-options":"nosniff","cache-control":"private,no-cache,no-store,max-age=0,must-revalidate","pragma":"no-cache","expires":"Thu, 01 Jan 1970 00:00:00 GMT","x-frame-options":"DENY","strict-transport-security":"max-age=64072000; includeSubDomains; preload"}

[debug] [2025-06-02T10:41:32.819Z] : >>>> HTTP REQUEST : GET https://api.catalyst.zoho.in/baas/v1/project/14417000000011063/environment 

[debug] [2025-06-02T10:41:32.909Z] : <<<< HTTP RESPONSE : 200
Response Headers: {"server":"ZGS","date":"Mon, 02 Jun 2025 10:41:33 GMT","content-type":"application/vnd.catalyst.v2+json","transfer-encoding":"chunked","connection":"keep-alive","x-content-type-options":"nosniff","cache-control":"private,no-cache,no-store,max-age=0,must-revalidate","pragma":"no-cache","expires":"Thu, 01 Jan 1970 00:00:00 GMT","x-frame-options":"DENY","strict-transport-security":"max-age=64072000; includeSubDomains; preload"}

[debug] [2025-06-02T10:41:33.087Z] : >>>> HTTP REQUEST : GET https://api.catalyst.zoho.in/baas/v1/project/14417000000011063/function 
Query params: {"type":"basicio,event,cron,applogic,integration,browser_logic,job"}

[debug] [2025-06-02T10:41:33.177Z] : <<<< HTTP RESPONSE : 200
Response Headers: {"server":"ZGS","date":"Mon, 02 Jun 2025 10:41:33 GMT","content-type":"application/vnd.catalyst.v2+json","transfer-encoding":"chunked","connection":"keep-alive","x-content-type-options":"nosniff","cache-control":"private,no-cache,no-store,max-age=0,must-revalidate","pragma":"no-cache","expires":"Thu, 01 Jan 1970 00:00:00 GMT","x-frame-options":"DENY","strict-transport-security":"max-age=64072000; includeSubDomains; preload"}

[debug] [2025-06-02T10:41:33.179Z] : unknown eol undefined hence skipping check
[info] [2025-06-02T10:41:33.792Z] : 
[info] [2025-06-02T10:41:33.792Z] :  >>>>>>>>>>>>> AdvancedIO <<<<<<<<<<<< 
[info] [2025-06-02T10:41:33.793Z] : ℹ backend: http://localhost:3000/server/backend/
[info] [2025-06-02T10:41:33.793Z] : 
[info] [2025-06-02T10:53:17.655Z] : 
change of src/controllers/warehouse.js in backend detected. Preparing your function, please wait...
[info] [2025-06-02T10:53:18.286Z] : ℹ AdvancedIO[backend]: ready!
[info] [2025-06-02T10:53:18.286Z] : ℹ AdvancedIO[backend]: http://localhost:3000/server/backend/
[info] [2025-06-02T10:53:29.734Z] : 
change of src/controllers/warehouse.js in backend detected. Preparing your function, please wait...
[info] [2025-06-02T10:53:30.483Z] : ℹ AdvancedIO[backend]: ready!
[info] [2025-06-02T10:53:30.483Z] : ℹ AdvancedIO[backend]: http://localhost:3000/server/backend/
[info] [2025-06-02T11:31:04.779Z] : 
change of src/routes/warehouse.js in backend detected. Preparing your function, please wait...
[info] [2025-06-02T11:31:05.547Z] : ℹ AdvancedIO[backend]: ready!
[info] [2025-06-02T11:31:05.547Z] : ℹ AdvancedIO[backend]: http://localhost:3000/server/backend/
[info] [2025-06-02T11:31:06.795Z] : 
change of src/routes/warehouse.js in backend detected. Preparing your function, please wait...
[info] [2025-06-02T11:31:07.426Z] : ℹ AdvancedIO[backend]: ready!
[info] [2025-06-02T11:31:07.426Z] : ℹ AdvancedIO[backend]: http://localhost:3000/server/backend/
[info] [2025-06-02T11:31:09.136Z] : 
change of src/routes/warehouse.js in backend detected. Preparing your function, please wait...
[info] [2025-06-02T11:31:09.792Z] : ℹ AdvancedIO[backend]: ready!
[info] [2025-06-02T11:31:09.792Z] : ℹ AdvancedIO[backend]: http://localhost:3000/server/backend/
[info] [2025-06-02T11:31:12.058Z] : 
change of src/routes/warehouse.js in backend detected. Preparing your function, please wait...
[info] [2025-06-02T11:31:12.687Z] : ℹ AdvancedIO[backend]: ready!
[info] [2025-06-02T11:31:12.688Z] : ℹ AdvancedIO[backend]: http://localhost:3000/server/backend/
[info] [2025-06-02T11:31:14.081Z] : 
change of src/routes/warehouse.js in backend detected. Preparing your function, please wait...
[info] [2025-06-02T11:31:14.782Z] : ℹ AdvancedIO[backend]: ready!
[info] [2025-06-02T11:31:14.782Z] : ℹ AdvancedIO[backend]: http://localhost:3000/server/backend/
[info] [2025-06-02T11:31:16.503Z] : 
change of src/routes/warehouse.js in backend detected. Preparing your function, please wait...
[info] [2025-06-02T11:31:17.073Z] : ℹ AdvancedIO[backend]: ready!
[info] [2025-06-02T11:31:17.074Z] : ℹ AdvancedIO[backend]: http://localhost:3000/server/backend/
[info] [2025-06-02T11:31:19.937Z] : 
change of src/routes/warehouse.js in backend detected. Preparing your function, please wait...
[info] [2025-06-02T11:31:20.563Z] : ℹ AdvancedIO[backend]: ready!
[info] [2025-06-02T11:31:20.563Z] : ℹ AdvancedIO[backend]: http://localhost:3000/server/backend/
[info] [2025-06-02T11:32:52.764Z] : 
change of src/controllers/warehouse.js in backend detected. Preparing your function, please wait...
[info] [2025-06-02T11:32:53.633Z] : ℹ AdvancedIO[backend]: ready!
[info] [2025-06-02T11:32:53.633Z] : ℹ AdvancedIO[backend]: http://localhost:3000/server/backend/
[info] [2025-06-02T11:33:13.032Z] : 
change of src/controllers/warehouse.js in backend detected. Preparing your function, please wait...
[info] [2025-06-02T11:33:13.720Z] : ℹ AdvancedIO[backend]: ready!
[info] [2025-06-02T11:33:13.720Z] : ℹ AdvancedIO[backend]: http://localhost:3000/server/backend/
[info] [2025-06-02T11:33:19.286Z] : 
change of src/controllers/warehouse.js in backend detected. Preparing your function, please wait...
[info] [2025-06-02T11:33:21.508Z] : ℹ AdvancedIO[backend]: ready!
[info] [2025-06-02T11:33:21.508Z] : ℹ AdvancedIO[backend]: http://localhost:3000/server/backend/
[info] [2025-06-02T11:33:27.242Z] : 
change of src/controllers/warehouse.js in backend detected. Preparing your function, please wait...
[info] [2025-06-02T11:33:27.900Z] : ℹ AdvancedIO[backend]: ready!
[info] [2025-06-02T11:33:27.900Z] : ℹ AdvancedIO[backend]: http://localhost:3000/server/backend/
[info] [2025-06-02T11:33:39.858Z] : 
change of src/controllers/warehouse.js in backend detected. Preparing your function, please wait...
[info] [2025-06-02T11:33:40.645Z] : ℹ AdvancedIO[backend]: ready!
[info] [2025-06-02T11:33:40.645Z] : ℹ AdvancedIO[backend]: http://localhost:3000/server/backend/
[debug] [2025-06-02T11:35:10.435Z] : > refreshing access token <
[debug] [2025-06-02T11:35:10.439Z] : >>>> HTTP REQUEST : POST https://accounts.zoho.in/oauth/v2/token 
<request body omitted>

[debug] [2025-06-02T11:35:10.693Z] : <<<< HTTP RESPONSE : 200
Response Headers: {"server":"ZGS","date":"Mon, 02 Jun 2025 11:35:10 GMT","content-type":"application/json;charset=UTF-8","content-length":"2361","connection":"keep-alive","cache-control":"no-store","x-content-type-options":"nosniff","pragma":"no-cache","x-frame-options":"SAMEORIGIN","vary":"accept-encoding","content-language":"en-US","strict-transport-security":"max-age=64072000; includeSubDomains; preload"}

[info] [2025-06-02T11:37:05.458Z] : 
change of src/controllers/warehouse.js in backend detected. Preparing your function, please wait...
[info] [2025-06-02T11:37:06.182Z] : ℹ AdvancedIO[backend]: ready!
[info] [2025-06-02T11:37:06.182Z] : ℹ AdvancedIO[backend]: http://localhost:3000/server/backend/
[info] [2025-06-02T11:41:49.675Z] : 
change of src/controllers/warehouse.js in backend detected. Preparing your function, please wait...
[info] [2025-06-02T11:41:50.391Z] : ℹ AdvancedIO[backend]: ready!
[info] [2025-06-02T11:41:50.391Z] : ℹ AdvancedIO[backend]: http://localhost:3000/server/backend/
[info] [2025-06-02T11:41:51.392Z] : 
change of src/controllers/warehouse.js in backend detected. Preparing your function, please wait...
[info] [2025-06-02T11:41:52.055Z] : ℹ AdvancedIO[backend]: ready!
[info] [2025-06-02T11:41:52.055Z] : ℹ AdvancedIO[backend]: http://localhost:3000/server/backend/
[info] [2025-06-02T11:50:13.991Z] : 
change of src/controllers/warehouse.js in backend detected. Preparing your function, please wait...
[info] [2025-06-02T11:50:14.727Z] : ℹ AdvancedIO[backend]: ready!
[info] [2025-06-02T11:50:14.727Z] : ℹ AdvancedIO[backend]: http://localhost:3000/server/backend/
[info] [2025-06-02T11:50:15.729Z] : 
change of src/controllers/warehouse.js in backend detected. Preparing your function, please wait...
[info] [2025-06-02T11:50:16.344Z] : ℹ AdvancedIO[backend]: ready!
[info] [2025-06-02T11:50:16.345Z] : ℹ AdvancedIO[backend]: http://localhost:3000/server/backend/
[info] [2025-06-02T11:52:41.045Z] : 
change of src/models/warehouseModel.js in backend detected. Preparing your function, please wait...
[info] [2025-06-02T11:52:41.763Z] : ℹ AdvancedIO[backend]: ready!
[info] [2025-06-02T11:52:41.763Z] : ℹ AdvancedIO[backend]: http://localhost:3000/server/backend/
[info] [2025-06-02T11:52:53.374Z] : 
change of src/controllers/warehouse.js in backend detected. Preparing your function, please wait...
[info] [2025-06-02T11:52:54.025Z] : ℹ AdvancedIO[backend]: ready!
[info] [2025-06-02T11:52:54.025Z] : ℹ AdvancedIO[backend]: http://localhost:3000/server/backend/
[info] [2025-06-02T11:52:56.079Z] : 
change of src/controllers/warehouse.js in backend detected. Preparing your function, please wait...
[info] [2025-06-02T11:52:56.756Z] : ℹ AdvancedIO[backend]: ready!
[info] [2025-06-02T11:52:56.756Z] : ℹ AdvancedIO[backend]: http://localhost:3000/server/backend/
[debug] [2025-06-02T12:35:40.121Z] : > refreshing access token <
[debug] [2025-06-02T12:35:40.209Z] : >>>> HTTP REQUEST : POST https://accounts.zoho.in/oauth/v2/token 
<request body omitted>

[debug] [2025-06-02T12:35:40.437Z] : <<<< HTTP RESPONSE : 200
Response Headers: {"server":"ZGS","date":"Mon, 02 Jun 2025 12:35:40 GMT","content-type":"application/json;charset=UTF-8","content-length":"2361","connection":"keep-alive","cache-control":"no-store","x-content-type-options":"nosniff","pragma":"no-cache","x-frame-options":"SAMEORIGIN","vary":"accept-encoding","content-language":"en-US","strict-transport-security":"max-age=64072000; includeSubDomains; preload"}

[info] [2025-06-02T12:49:50.651Z] : 
change of src/controllers/metricCreator.js in backend detected. Preparing your function, please wait...
[info] [2025-06-02T12:49:51.868Z] : ℹ AdvancedIO[backend]: ready!
[info] [2025-06-02T12:49:51.869Z] : ℹ AdvancedIO[backend]: http://localhost:3000/server/backend/
[info] [2025-06-02T12:49:52.870Z] : 
change of src/controllers/metricCreator.js in backend detected. Preparing your function, please wait...
[info] [2025-06-02T12:49:53.944Z] : ℹ AdvancedIO[backend]: ready!
[info] [2025-06-02T12:49:53.944Z] : ℹ AdvancedIO[backend]: http://localhost:3000/server/backend/
[debug] [2025-06-02T14:24:01.455Z] : > refreshing access token <
[debug] [2025-06-02T14:24:01.481Z] : >>>> HTTP REQUEST : POST https://accounts.zoho.in/oauth/v2/token 
<request body omitted>

[debug] [2025-06-02T14:24:02.702Z] : <<<< HTTP RESPONSE : 200
Response Headers: {"server":"ZGS","date":"Mon, 02 Jun 2025 14:24:02 GMT","content-type":"application/json;charset=UTF-8","content-length":"2361","connection":"keep-alive","cache-control":"no-store","x-content-type-options":"nosniff","pragma":"no-cache","x-frame-options":"SAMEORIGIN","vary":"accept-encoding","content-language":"en-US","strict-transport-security":"max-age=64072000; includeSubDomains; preload"}

